2026-08-16 13:41:49.994 +0545 [1624] LOG:  starting PostgreSQL 17.10 on x86_64-windows, compiled by msvc-19.44.35227, 64-bit
2026-08-16 13:41:49.999 +0545 [1624] LOG:  listening on IPv6 address "::1", port 5432
2026-08-16 13:41:49.999 +0545 [1624] LOG:  listening on IPv4 address "127.0.0.1", port 5432
2026-08-16 13:41:50.079 +0545 [68] LOG:  database system was interrupted; last known up at 2026-08-16 13:26:47 +0545
2026-08-16 13:41:50.889 +0545 [68] LOG:  database system was not properly shut down; automatic recovery in progress
2026-08-16 13:41:50.918 +0545 [68] LOG:  redo starts at 0/4CB13C0
2026-08-16 13:41:50.924 +0545 [68] LOG:  invalid record length at 0/4CB13F8: expected at least 24, got 0
2026-08-16 13:41:50.924 +0545 [68] LOG:  redo done at 0/4CB13C0 system usage: CPU: user: 0.00 s, system: 0.00 s, elapsed: 0.00 s
2026-08-16 13:41:50.949 +0545 [2624] LOG:  checkpoint starting: end-of-recovery immediate wait
2026-08-16 13:41:50.980 +0545 [2624] LOG:  checkpoint complete: wrote 3 buffers (0.0%); 0 WAL file(s) added, 0 removed, 0 recycled; write=0.004 s, sync=0.009 s, total=0.038 s; sync files=2, longest=0.005 s, average=0.004 s; distance=0 kB, estimate=0 kB; lsn=0/4CB13F8, redo lsn=0/4CB13F8
2026-08-16 13:41:51.035 +0545 [1624] LOG:  database system is ready to accept connections
2026-08-16 13:50:12.733 +0545 [12236] LOG:  starting PostgreSQL 17.10 on x86_64-windows, compiled by msvc-19.44.35227, 64-bit
2026-08-16 13:50:12.737 +0545 [12236] LOG:  listening on IPv6 address "::1", port 5432
2026-08-16 13:50:12.738 +0545 [12236] LOG:  listening on IPv4 address "127.0.0.1", port 5432
2026-08-16 13:50:12.836 +0545 [10448] LOG:  database system was interrupted; last known up at 2026-08-16 13:41:50 +0545
2026-08-16 13:50:16.067 +0545 [10448] LOG:  database system was not properly shut down; automatic recovery in progress
2026-08-16 13:50:16.076 +0545 [10448] LOG:  redo starts at 0/4CB1470
2026-08-16 13:50:16.076 +0545 [10448] LOG:  invalid record length at 0/4CB14A8: expected at least 24, got 0
2026-08-16 13:50:16.076 +0545 [10448] LOG:  redo done at 0/4CB1470 system usage: CPU: user: 0.00 s, system: 0.00 s, elapsed: 0.00 s
2026-08-16 13:50:16.089 +0545 [9744] LOG:  checkpoint starting: end-of-recovery immediate wait
2026-08-16 13:50:16.137 +0545 [9744] LOG:  checkpoint complete: wrote 3 buffers (0.0%); 0 WAL file(s) added, 0 removed, 0 recycled; write=0.005 s, sync=0.011 s, total=0.055 s; sync files=2, longest=0.006 s, average=0.006 s; distance=0 kB, estimate=0 kB; lsn=0/4CB14A8, redo lsn=0/4CB14A8
2026-08-16 13:50:16.169 +0545 [12236] LOG:  database system is ready to accept connections
2026-08-16 14:07:08.798 +0545 [7800] LOG:  could not receive data from client: An existing connection was forcibly closed by the remote host.
	
2026-08-16 14:07:08.798 +0545 [9156] LOG:  could not receive data from client: An existing connection was forcibly closed by the remote host.
	
2026-08-16 14:07:08.798 +0545 [6448] LOG:  could not receive data from client: An existing connection was forcibly closed by the remote host.
	
2026-08-16 14:07:08.798 +0545 [12148] LOG:  could not receive data from client: An existing connection was forcibly closed by the remote host.
	
2026-08-16 14:07:08.798 +0545 [9864] LOG:  could not receive data from client: An existing connection was forcibly closed by the remote host.
	
2026-08-16 14:07:08.798 +0545 [12132] LOG:  could not receive data from client: An existing connection was forcibly closed by the remote host.
	
2026-08-16 14:07:08.798 +0545 [12092] LOG:  could not receive data from client: An existing connection was forcibly closed by the remote host.
	
2026-08-16 14:07:08.798 +0545 [10628] LOG:  could not receive data from client: An existing connection was forcibly closed by the remote host.
	
2026-08-16 14:07:08.798 +0545 [6176] LOG:  could not receive data from client: An existing connection was forcibly closed by the remote host.
	
2026-08-16 16:38:45.044 +0545 [12236] LOG:  received fast shutdown request
2026-08-16 16:38:45.052 +0545 [12236] LOG:  aborting any active transactions
2026-08-16 16:38:45.053 +0545 [9236] FATAL:  terminating connection due to administrator command
2026-08-16 16:38:45.054 +0545 [14176] FATAL:  terminating connection due to administrator command
2026-08-16 16:38:45.055 +0545 [6940] FATAL:  terminating connection due to administrator command
2026-08-16 16:38:45.056 +0545 [7500] FATAL:  terminating connection due to administrator command
2026-08-16 16:38:45.058 +0545 [1132] FATAL:  terminating connection due to administrator command
2026-08-16 16:38:45.061 +0545 [14140] FATAL:  terminating connection due to administrator command
2026-08-16 16:38:45.061 +0545 [5596] FATAL:  terminating connection due to administrator command
2026-08-16 16:38:45.061 +0545 [2064] FATAL:  terminating connection due to administrator command
2026-08-16 16:38:45.061 +0545 [13832] FATAL:  terminating connection due to administrator command
2026-08-16 16:38:45.084 +0545 [12236] LOG:  background worker "logical replication launcher" (PID 8424) exited with exit code 1
2026-08-16 16:38:45.087 +0545 [9744] LOG:  shutting down
2026-08-16 16:38:45.092 +0545 [9744] LOG:  checkpoint starting: shutdown immediate
2026-08-16 16:38:45.114 +0545 [9744] LOG:  checkpoint complete: wrote 0 buffers (0.0%); 0 WAL file(s) added, 0 removed, 0 recycled; write=0.001 s, sync=0.001 s, total=0.027 s; sync files=0, longest=0.000 s, average=0.000 s; distance=0 kB, estimate=0 kB; lsn=0/4CB1558, redo lsn=0/4CB1558
2026-08-16 16:38:45.124 +0545 [12236] LOG:  database system is shut down
